// Jest Snapshot v1, https://goo.gl/fbAQLP

exports[`ChatMessages inital six messages not change with fetch 1`] = `
<div
  className="chatMessages"
>
  <div
    className="chatMessagePaddingBox"
  >
    <div
      className="messageBox"
    >
      <div
        className="messageData"
      >
        <img
          alt=""
          className="messageImage"
          height={28}
          src="CARLOS.png"
          width={28}
        />
        <div
          className="messageUser"
        >
          #1 Loser
        </div>
        <div
          className="messageDate"
        >
          5 Nov - 1:37 PM
        </div>
      </div>
      <div
        className="messageMessage"
      >
        Lorem ipsum dolor sit amet, consectetur adipiscing elit.
      </div>
    </div>
    <div
      className="messageBox"
    >
      <div
        className="messageData"
      >
        <img
          alt=""
          className="messageImage"
          height={28}
          src="ANGELA.jpg"
          width={28}
        />
        <div
          className="messageUser"
        >
          Belle Delphine
        </div>
        <div
          className="messageDate"
        >
          5 Nov - 1:37 PM
        </div>
      </div>
      <div
        className="messageMessage"
      >
        Sed do eiusmod tempor incididunt ut labore et dolore magna aliqua.
      </div>
    </div>
    <div
      className="messageBox"
    >
      <div
        className="messageData"
      >
        <img
          alt=""
          className="messageImage"
          height={28}
          src="CARLOS.png"
          width={28}
        />
        <div
          className="messageUser"
        >
          #1 Loser
        </div>
        <div
          className="messageDate"
        >
          5 Nov - 1:37 PM
        </div>
      </div>
      <div
        className="messageMessage"
      >
        Consectetur adipiscing elit.
      </div>
    </div>
    <div
      className="messageBox"
    >
      <div
        className="messageData"
      >
        <img
          alt=""
          className="messageImage"
          height={28}
          src="CARLOS.png"
          width={28}
        />
        <div
          className="messageUser"
        >
          #1 Loser
        </div>
        <div
          className="messageDate"
        >
          5 Nov - 1:37 PM
        </div>
      </div>
      <div
        className="messageMessage"
      >
        Incididunt ut labore et dolore magna.
      </div>
    </div>
    <div
      className="messageBox"
    >
      <div
        className="messageData"
      >
        <img
          alt=""
          className="messageImage"
          height={28}
          src="ANGELA.jpg"
          width={28}
        />
        <div
          className="messageUser"
        >
          Belle Delphine
        </div>
        <div
          className="messageDate"
        >
          5 Nov - 1:37 PM
        </div>
      </div>
      <div
        className="messageMessage"
      >
        Sed do eiusmod tempor incididunt ut labore et dolore magna aliqua.
      </div>
    </div>
    <div
      className="messageBox"
    >
      <div
        className="messageData"
      >
        <img
          alt=""
          className="messageImage"
          height={28}
          src="ANGELA.jpg"
          width={28}
        />
        <div
          className="messageUser"
        >
          Belle Delphine
        </div>
        <div
          className="messageDate"
        >
          5 Nov - 1:37 PM
        </div>
      </div>
      <div
        className="messageMessage"
      >
        Sed do eiusmod tempor incididunt ut labore et dolore magna aliqua.
      </div>
    </div>
    <div
      style={
        Object {
          "clear": "both",
          "float": "left",
        }
      }
    />
  </div>
</div>
`;
